This is pdfTeX, Version 3.141592653-2.6-1.40.29 (TeX Live 2026) (preloaded format=pdflatex 2026.3.22)  15 MAY 2026 13:33
entering extended mode
 restricted \write18 enabled.
 %&-line parsing enabled.
**phenometrics-vignette-SI.tex
(./phenometrics-vignette-SI.tex
LaTeX2e <2025-11-01>
L3 programming layer <2026-01-19>
(c:/Users/reids/AppData/Roaming/TinyTeX/texmf-dist/tex/latex/base/article.cls
Document Class: article 2025/01/22 v1.4n Standard LaTeX document class
(c:/Users/reids/AppData/Roaming/TinyTeX/texmf-dist/tex/latex/base/size10.clo
File: size10.clo 2025/01/22 v1.4n Standard LaTeX file (size option)
)
\c@part=\count275
\c@section=\count276
\c@subsection=\count277
\c@subsubsection=\count278
\c@paragraph=\count279
\c@subparagraph=\count280
\c@figure=\count281
\c@table=\count282
\abovecaptionskip=\skip49
\belowcaptionskip=\skip50
\bibindent=\dimen148
) (c:/Users/reids/AppData/Roaming/TinyTeX/texmf-dist/tex/latex/amsmath/amsmath.sty
Package: amsmath 2025/07/09 v2.17z AMS math features
\@mathmargin=\skip51
For additional information on amsmath, use the `?' option.
(c:/Users/reids/AppData/Roaming/TinyTeX/texmf-dist/tex/latex/amsmath/amstext.sty
Package: amstext 2024/11/17 v2.01 AMS text
(c:/Users/reids/AppData/Roaming/TinyTeX/texmf-dist/tex/latex/amsmath/amsgen.sty
File: amsgen.sty 1999/11/30 v2.0 generic functions
\@emptytoks=\toks17
\ex@=\dimen149
)) (c:/Users/reids/AppData/Roaming/TinyTeX/texmf-dist/tex/latex/amsmath/amsbsy.sty
Package: amsbsy 1999/11/29 v1.2d Bold Symbols
\pmbraise@=\dimen150
) (c:/Users/reids/AppData/Roaming/TinyTeX/texmf-dist/tex/latex/amsmath/amsopn.sty
Package: amsopn 2022/04/08 v2.04 operator names
)
\inf@bad=\count283
LaTeX Info: Redefining \frac on input line 233.
\uproot@=\count284
\leftroot@=\count285
LaTeX Info: Redefining \overline on input line 398.
LaTeX Info: Redefining \colon on input line 409.
\classnum@=\count286
\DOTSCASE@=\count287
LaTeX Info: Redefining \ldots on input line 495.
LaTeX Info: Redefining \dots on input line 498.
LaTeX Info: Redefining \cdots on input line 619.
\Mathstrutbox@=\box53
\strutbox@=\box54
LaTeX Info: Redefining \big on input line 721.
LaTeX Info: Redefining \Big on input line 722.
LaTeX Info: Redefining \bigg on input line 723.
LaTeX Info: Redefining \Bigg on input line 724.
\big@size=\dimen151
LaTeX Font Info:    Redeclaring font encoding OML on input line 742.
LaTeX Font Info:    Redeclaring font encoding OMS on input line 743.
\macc@depth=\count288
LaTeX Info: Redefining \bmod on input line 904.
LaTeX Info: Redefining \pmod on input line 909.
LaTeX Info: Redefining \smash on input line 939.
LaTeX Info: Redefining \relbar on input line 969.
LaTeX Info: Redefining \Relbar on input line 970.
\c@MaxMatrixCols=\count289
\dotsspace@=\muskip17
\c@parentequation=\count290
\dspbrk@lvl=\count291
\tag@help=\toks18
\row@=\count292
\column@=\count293
\maxfields@=\count294
\andhelp@=\toks19
\eqnshift@=\dimen152
\alignsep@=\dimen153
\tagshift@=\dimen154
\tagwidth@=\dimen155
\totwidth@=\dimen156
\lineht@=\dimen157
\@envbody=\toks20
\multlinegap=\skip52
\multlinetaggap=\skip53
\mathdisplay@stack=\toks21
LaTeX Info: Redefining \[ on input line 2950.
LaTeX Info: Redefining \] on input line 2951.
) (c:/Users/reids/AppData/Roaming/TinyTeX/texmf-dist/tex/latex/amsfonts/amssymb.sty
Package: amssymb 2013/01/14 v3.01 AMS font symbols
(c:/Users/reids/AppData/Roaming/TinyTeX/texmf-dist/tex/latex/amsfonts/amsfonts.sty
Package: amsfonts 2013/01/14 v3.01 Basic AMSFonts support
\symAMSa=\mathgroup4
\symAMSb=\mathgroup5
LaTeX Font Info:    Redeclaring math symbol \hbar on input line 98.
LaTeX Font Info:    Overwriting math alphabet `\mathfrak' in version `bold'
(Font)                  U/euf/m/n --> U/euf/b/n on input line 106.
)) (c:/Users/reids/AppData/Roaming/TinyTeX/texmf-dist/tex/generic/iftex/iftex.sty
Package: iftex 2024/12/12 v1.0g TeX engine tests
) (c:/Users/reids/AppData/Roaming/TinyTeX/texmf-dist/tex/latex/base/fontenc.sty
Package: fontenc 2025/07/18 v2.1d Standard LaTeX package
) (c:/Users/reids/AppData/Roaming/TinyTeX/texmf-dist/tex/latex/base/inputenc.sty
Package: inputenc 2024/02/08 v1.3d Input encoding file
\inpenc@prehook=\toks22
\inpenc@posthook=\toks23
) (c:/Users/reids/AppData/Roaming/TinyTeX/texmf-dist/tex/latex/base/textcomp.sty
Package: textcomp 2024/04/24 v2.1b Standard LaTeX package
) (c:/Users/reids/AppData/Roaming/TinyTeX/texmf-dist/tex/latex/lm/lmodern.sty
Package: lmodern 2015/05/01 v1.6.1 Latin Modern Fonts
LaTeX Font Info:    Overwriting symbol font `operators' in version `normal'
(Font)                  OT1/cmr/m/n --> OT1/lmr/m/n on input line 22.
LaTeX Font Info:    Overwriting symbol font `letters' in version `normal'
(Font)                  OML/cmm/m/it --> OML/lmm/m/it on input line 23.
LaTeX Font Info:    Overwriting symbol font `symbols' in version `normal'
(Font)                  OMS/cmsy/m/n --> OMS/lmsy/m/n on input line 24.
LaTeX Font Info:    Overwriting symbol font `largesymbols' in version `normal'
(Font)                  OMX/cmex/m/n --> OMX/lmex/m/n on input line 25.
LaTeX Font Info:    Overwriting symbol font `operators' in version `bold'
(Font)                  OT1/cmr/bx/n --> OT1/lmr/bx/n on input line 26.
LaTeX Font Info:    Overwriting symbol font `letters' in version `bold'
(Font)                  OML/cmm/b/it --> OML/lmm/b/it on input line 27.
LaTeX Font Info:    Overwriting symbol font `symbols' in version `bold'
(Font)                  OMS/cmsy/b/n --> OMS/lmsy/b/n on input line 28.
LaTeX Font Info:    Overwriting symbol font `largesymbols' in version `bold'
(Font)                  OMX/cmex/m/n --> OMX/lmex/m/n on input line 29.
LaTeX Font Info:    Overwriting math alphabet `\mathbf' in version `normal'
(Font)                  OT1/cmr/bx/n --> OT1/lmr/bx/n on input line 31.
LaTeX Font Info:    Overwriting math alphabet `\mathsf' in version `normal'
(Font)                  OT1/cmss/m/n --> OT1/lmss/m/n on input line 32.
LaTeX Font Info:    Overwriting math alphabet `\mathit' in version `normal'
(Font)                  OT1/cmr/m/it --> OT1/lmr/m/it on input line 33.
LaTeX Font Info:    Overwriting math alphabet `\mathtt' in version `normal'
(Font)                  OT1/cmtt/m/n --> OT1/lmtt/m/n on input line 34.
LaTeX Font Info:    Overwriting math alphabet `\mathbf' in version `bold'
(Font)                  OT1/cmr/bx/n --> OT1/lmr/bx/n on input line 35.
LaTeX Font Info:    Overwriting math alphabet `\mathsf' in version `bold'
(Font)                  OT1/cmss/bx/n --> OT1/lmss/bx/n on input line 36.
LaTeX Font Info:    Overwriting math alphabet `\mathit' in version `bold'
(Font)                  OT1/cmr/bx/it --> OT1/lmr/bx/it on input line 37.
LaTeX Font Info:    Overwriting math alphabet `\mathtt' in version `bold'
(Font)                  OT1/cmtt/m/n --> OT1/lmtt/m/n on input line 38.
) (c:/Users/reids/AppData/Roaming/TinyTeX/texmf-dist/tex/latex/xcolor/xcolor.sty
Package: xcolor 2024/09/29 v3.02 LaTeX color extensions (UK)
(c:/Users/reids/AppData/Roaming/TinyTeX/texmf-dist/tex/latex/graphics-cfg/color.cfg
File: color.cfg 2016/01/02 v1.6 sample color configuration
)
Package xcolor Info: Driver file: pdftex.def on input line 274.
(c:/Users/reids/AppData/Roaming/TinyTeX/texmf-dist/tex/latex/graphics-def/pdftex.def
File: pdftex.def 2025/09/29 v1.2d Graphics/color driver for pdftex
) (c:/Users/reids/AppData/Roaming/TinyTeX/texmf-dist/tex/latex/graphics/mathcolor.ltx)
Package xcolor Info: Model `cmy' substituted by `cmy0' on input line 1349.
Package xcolor Info: Model `hsb' substituted by `rgb' on input line 1353.
Package xcolor Info: Model `RGB' extended on input line 1365.
Package xcolor Info: Model `HTML' substituted by `rgb' on input line 1367.
Package xcolor Info: Model `Hsb' substituted by `hsb' on input line 1368.
Package xcolor Info: Model `tHsb' substituted by `hsb' on input line 1369.
Package xcolor Info: Model `HSB' substituted by `hsb' on input line 1370.
Package xcolor Info: Model `Gray' substituted by `gray' on input line 1371.
Package xcolor Info: Model `wave' substituted by `hsb' on input line 1372.
) (c:/Users/reids/AppData/Roaming/TinyTeX/texmf-dist/tex/latex/geometry/geometry.sty
Package: geometry 2026/03/07 v6.0 Page Geometry
(c:/Users/reids/AppData/Roaming/TinyTeX/texmf-dist/tex/latex/graphics/keyval.sty
Package: keyval 2022/05/29 v1.15 key=value parser (DPC)
\KV@toks@=\toks24
) (c:/Users/reids/AppData/Roaming/TinyTeX/texmf-dist/tex/generic/iftex/ifvtex.sty
Package: ifvtex 2019/10/25 v1.7 ifvtex legacy package. Use iftex instead.
)
\Gm@cnth=\count295
\Gm@cntv=\count296
\c@Gm@tempcnt=\count297
\Gm@bindingoffset=\dimen158
\Gm@wd@mp=\dimen159
\Gm@odd@mp=\dimen160
\Gm@even@mp=\dimen161
\Gm@layoutwidth=\dimen162
\Gm@layoutheight=\dimen163
\Gm@layouthoffset=\dimen164
\Gm@layoutvoffset=\dimen165
\Gm@dimlist=\toks25
) (c:/Users/reids/AppData/Roaming/TinyTeX/texmf-dist/tex/latex/fancyvrb/fancyvrb.sty
Package: fancyvrb 2025/07/28 4.6 verbatim text (tvz,hv)
\FV@CodeLineNo=\count298
\FV@InFile=\read2
\FV@TabBox=\box55
\c@FancyVerbLine=\count299
\FV@StepNumber=\count300
\FV@OutFile=\write3
) (c:/Users/reids/AppData/Roaming/TinyTeX/texmf-dist/tex/latex/framed/framed.sty
Package: framed 2011/10/22 v 0.96: framed or shaded text with page breaks
\OuterFrameSep=\skip54
\fb@frw=\dimen166
\fb@frh=\dimen167
\FrameRule=\dimen168
\FrameSep=\dimen169
) (c:/Users/reids/AppData/Roaming/TinyTeX/texmf-dist/tex/latex/tools/longtable.sty
Package: longtable 2025-10-13 v4.24 Multi-page Table package (DPC)
\LTleft=\skip55
\LTright=\skip56
\LTpre=\skip57
\LTpost=\skip58
\LTchunksize=\count301
\LTcapwidth=\dimen170
\LT@head=\box56
\LT@firsthead=\box57
\LT@foot=\box58
\LT@lastfoot=\box59
\LT@gbox=\box60
\LT@cols=\count302
\LT@rows=\count303
\c@LT@tables=\count304
\c@LT@chunks=\count305
\LT@p@ftn=\toks26
) (c:/Users/reids/AppData/Roaming/TinyTeX/texmf-dist/tex/latex/booktabs/booktabs.sty
Package: booktabs 2020/01/12 v1.61803398 Publication quality tables
\heavyrulewidth=\dimen171
\lightrulewidth=\dimen172
\cmidrulewidth=\dimen173
\belowrulesep=\dimen174
\belowbottomsep=\dimen175
\aboverulesep=\dimen176
\abovetopsep=\dimen177
\cmidrulesep=\dimen178
\cmidrulekern=\dimen179
\defaultaddspace=\dimen180
\@cmidla=\count306
\@cmidlb=\count307
\@aboverulesep=\dimen181
\@belowrulesep=\dimen182
\@thisruleclass=\count308
\@lastruleclass=\count309
\@thisrulewidth=\dimen183
) (c:/Users/reids/AppData/Roaming/TinyTeX/texmf-dist/tex/latex/tools/array.sty
Package: array 2025/09/25 v2.6n Tabular extension package (FMi)
\col@sep=\dimen184
\ar@mcellbox=\box61
\extrarowheight=\dimen185
\NC@list=\toks27
\extratabsurround=\skip59
\backup@length=\skip60
\ar@cellbox=\box62
) (c:/Users/reids/AppData/Roaming/TinyTeX/texmf-dist/tex/latex/tools/calc.sty
Package: calc 2025/03/01 v4.3b Infix arithmetic (KKT,FJ)
\calc@Acount=\count310
\calc@Bcount=\count311
\calc@Adimen=\dimen186
\calc@Bdimen=\dimen187
\calc@Askip=\skip61
\calc@Bskip=\skip62
LaTeX Info: Redefining \setlength on input line 86.
LaTeX Info: Redefining \addtolength on input line 87.
\calc@Ccount=\count312
\calc@Cskip=\skip63
) (c:/Users/reids/AppData/Roaming/TinyTeX/texmf-dist/tex/latex/etoolbox/etoolbox.sty
Package: etoolbox 2025/10/02 v2.5m e-TeX tools for LaTeX (JAW)
\etb@tempcnta=\count313
) (c:/Users/reids/AppData/Roaming/TinyTeX/texmf-dist/tex/latex/mdwtools/footnote.sty
Package: footnote 1997/01/28 1.13 Save footnotes around boxes
\fn@notes=\box63
\fn@width=\dimen188
) (c:/Users/reids/AppData/Roaming/TinyTeX/texmf-dist/tex/latex/graphics/graphicx.sty
Package: graphicx 2024/12/31 v1.2e Enhanced LaTeX Graphics (DPC,SPQR)
(c:/Users/reids/AppData/Roaming/TinyTeX/texmf-dist/tex/latex/graphics/graphics.sty
Package: graphics 2024/08/06 v1.4g Standard LaTeX Graphics (DPC,SPQR)
(c:/Users/reids/AppData/Roaming/TinyTeX/texmf-dist/tex/latex/graphics/trig.sty
Package: trig 2023/12/02 v1.11 sin cos tan (DPC)
) (c:/Users/reids/AppData/Roaming/TinyTeX/texmf-dist/tex/latex/graphics-cfg/graphics.cfg
File: graphics.cfg 2016/06/04 v1.11 sample graphics configuration
)
Package graphics Info: Driver file: pdftex.def on input line 106.
)
\Gin@req@height=\dimen189
\Gin@req@width=\dimen190
)
\pandoc@box=\box64
(c:/Users/reids/AppData/Roaming/TinyTeX/texmf-dist/tex/latex/sectsty/sectsty.sty
Package: sectsty 2002/02/25 v2.0.2 Commands to change all sectional heading styles

LaTeX Warning: Command \underbar  has changed.
               Check if current package is valid.


LaTeX Warning: Command \underline  has changed.
               Check if current package is valid.

) (c:/Users/reids/AppData/Roaming/TinyTeX/texmf-dist/tex/latex/bookmark/bookmark.sty
Package: bookmark 2023-12-10 v1.31 PDF bookmarks (HO)
(c:/Users/reids/AppData/Roaming/TinyTeX/texmf-dist/tex/latex/hyperref/hyperref.sty
Package: hyperref 2026-01-29 v7.01p Hypertext links for LaTeX
(c:/Users/reids/AppData/Roaming/TinyTeX/texmf-dist/tex/latex/kvsetkeys/kvsetkeys.sty
Package: kvsetkeys 2022-10-05 v1.19 Key value parser (HO)
) (c:/Users/reids/AppData/Roaming/TinyTeX/texmf-dist/tex/generic/kvdefinekeys/kvdefinekeys.sty
Package: kvdefinekeys 2019-12-19 v1.6 Define keys (HO)
) (c:/Users/reids/AppData/Roaming/TinyTeX/texmf-dist/tex/generic/pdfescape/pdfescape.sty
Package: pdfescape 2019/12/09 v1.15 Implements pdfTeX's escape features (HO)
(c:/Users/reids/AppData/Roaming/TinyTeX/texmf-dist/tex/generic/ltxcmds/ltxcmds.sty
Package: ltxcmds 2023-12-04 v1.26 LaTeX kernel commands for general use (HO)
) (c:/Users/reids/AppData/Roaming/TinyTeX/texmf-dist/tex/generic/pdftexcmds/pdftexcmds.sty
Package: pdftexcmds 2020-06-27 v0.33 Utility functions of pdfTeX for LuaTeX (HO)
(c:/Users/reids/AppData/Roaming/TinyTeX/texmf-dist/tex/generic/infwarerr/infwarerr.sty
Package: infwarerr 2019/12/03 v1.5 Providing info/warning/error messages (HO)
)
Package pdftexcmds Info: \pdf@primitive is available.
Package pdftexcmds Info: \pdf@ifprimitive is available.
Package pdftexcmds Info: \pdfdraftmode found.
)) (c:/Users/reids/AppData/Roaming/TinyTeX/texmf-dist/tex/latex/hycolor/hycolor.sty
Package: hycolor 2020-01-27 v1.10 Color options for hyperref/bookmark (HO)
) (c:/Users/reids/AppData/Roaming/TinyTeX/texmf-dist/tex/latex/hyperref/nameref.sty
Package: nameref 2026-01-29 v2.58 Cross-referencing by name of section
(c:/Users/reids/AppData/Roaming/TinyTeX/texmf-dist/tex/latex/refcount/refcount.sty
Package: refcount 2019/12/15 v3.6 Data extraction from label references (HO)
) (c:/Users/reids/AppData/Roaming/TinyTeX/texmf-dist/tex/generic/gettitlestring/gettitlestring.sty
Package: gettitlestring 2019/12/15 v1.6 Cleanup title references (HO)
(c:/Users/reids/AppData/Roaming/TinyTeX/texmf-dist/tex/latex/kvoptions/kvoptions.sty
Package: kvoptions 2022-06-15 v3.15 Key value format for package options (HO)
))
\c@section@level=\count314
) (c:/Users/reids/AppData/Roaming/TinyTeX/texmf-dist/tex/generic/stringenc/stringenc.sty
Package: stringenc 2019/11/29 v1.12 Convert strings between diff. encodings (HO)
)
\@linkdim=\dimen191
\Hy@linkcounter=\count315
\Hy@pagecounter=\count316
(c:/Users/reids/AppData/Roaming/TinyTeX/texmf-dist/tex/latex/hyperref/pd1enc.def
File: pd1enc.def 2026-01-29 v7.01p Hyperref: PDFDocEncoding definition (HO)
Now handling font encoding PD1 ...
... no UTF-8 mapping file for font encoding PD1
) (c:/Users/reids/AppData/Roaming/TinyTeX/texmf-dist/tex/generic/intcalc/intcalc.sty
Package: intcalc 2019/12/15 v1.3 Expandable calculations with integers (HO)
)
\Hy@SavedSpaceFactor=\count317
(c:/Users/reids/AppData/Roaming/TinyTeX/texmf-dist/tex/latex/hyperref/puenc.def
File: puenc.def 2026-01-29 v7.01p Hyperref: PDF Unicode definition (HO)
Now handling font encoding PU ...
... no UTF-8 mapping file for font encoding PU
)
Package hyperref Info: Option `unicode' set `true' on input line 4072.
Package hyperref Info: Hyper figures OFF on input line 4201.
Package hyperref Info: Link nesting OFF on input line 4206.
Package hyperref Info: Hyper index ON on input line 4209.
Package hyperref Info: Plain pages OFF on input line 4216.
Package hyperref Info: Backreferencing OFF on input line 4221.
Package hyperref Info: Implicit mode ON; LaTeX internals redefined.
Package hyperref Info: Bookmarks ON on input line 4468.
\c@Hy@tempcnt=\count318
(c:/Users/reids/AppData/Roaming/TinyTeX/texmf-dist/tex/latex/url/url.sty
\Urlmuskip=\muskip18
Package: url 2013/09/16  ver 3.4  Verb mode for urls, etc.
)
LaTeX Info: Redefining \url on input line 4807.
\XeTeXLinkMargin=\dimen192
(c:/Users/reids/AppData/Roaming/TinyTeX/texmf-dist/tex/generic/bitset/bitset.sty
Package: bitset 2019/12/09 v1.3 Handle bit-vector datatype (HO)
(c:/Users/reids/AppData/Roaming/TinyTeX/texmf-dist/tex/generic/bigintcalc/bigintcalc.sty
Package: bigintcalc 2019/12/15 v1.5 Expandable calculations on big integers (HO)
))
\Fld@menulength=\count319
\Field@Width=\dimen193
\Fld@charsize=\dimen194
Package hyperref Info: Hyper figures OFF on input line 6084.
Package hyperref Info: Link nesting OFF on input line 6089.
Package hyperref Info: Hyper index ON on input line 6092.
Package hyperref Info: backreferencing OFF on input line 6099.
Package hyperref Info: Link coloring OFF on input line 6104.
Package hyperref Info: Link coloring with OCG OFF on input line 6109.
Package hyperref Info: PDF/A mode OFF on input line 6114.
\Hy@abspage=\count320
\c@Item=\count321
\c@Hfootnote=\count322
)
Package hyperref Info: Driver (autodetected): hpdftex.
(c:/Users/reids/AppData/Roaming/TinyTeX/texmf-dist/tex/latex/hyperref/hpdftex.def
File: hpdftex.def 2026-01-29 v7.01p Hyperref driver for pdfTeX
\Fld@listcount=\count323
\c@bookmark@seq@number=\count324
(c:/Users/reids/AppData/Roaming/TinyTeX/texmf-dist/tex/latex/rerunfilecheck/rerunfilecheck.sty
Package: rerunfilecheck 2025-06-21 v1.11 Rerun checks for auxiliary files (HO)
(c:/Users/reids/AppData/Roaming/TinyTeX/texmf-dist/tex/generic/uniquecounter/uniquecounter.sty
Package: uniquecounter 2019/12/15 v1.4 Provide unlimited unique counter (HO)
)
Package uniquecounter Info: New unique counter `rerunfilecheck' on input line 284.
)
\Hy@SectionHShift=\skip64
) (c:/Users/reids/AppData/Roaming/TinyTeX/texmf-dist/tex/latex/bookmark/bkm-pdftex.def
File: bkm-pdftex.def 2023-12-10 v1.31 bookmark driver for pdfTeX and luaTeX (HO)
\BKM@id=\count325
))
LaTeX Font Info:    Trying to load font information for T1+lmr on input line 131.
(c:/Users/reids/AppData/Roaming/TinyTeX/texmf-dist/tex/latex/lm/t1lmr.fd
File: t1lmr.fd 2015/05/01 v1.6.1 Font defs for Latin Modern
) (c:/Users/reids/AppData/Roaming/TinyTeX/texmf-dist/tex/latex/l3backend/l3backend-pdftex.def
File: l3backend-pdftex.def 2025-10-09 L3 backend support: PDF output (pdfTeX)
\l__color_backend_stack_int=\count326
) (./phenometrics-vignette-SI.aux)
\openout1 = `phenometrics-vignette-SI.aux'.

LaTeX Font Info:    Checking defaults for OML/cmm/m/it on input line 131.
LaTeX Font Info:    ... okay on input line 131.
LaTeX Font Info:    Checking defaults for OMS/cmsy/m/n on input line 131.
LaTeX Font Info:    ... okay on input line 131.
LaTeX Font Info:    Checking defaults for OT1/cmr/m/n on input line 131.
LaTeX Font Info:    ... okay on input line 131.
LaTeX Font Info:    Checking defaults for T1/cmr/m/n on input line 131.
LaTeX Font Info:    ... okay on input line 131.
LaTeX Font Info:    Checking defaults for TS1/cmr/m/n on input line 131.
LaTeX Font Info:    ... okay on input line 131.
LaTeX Font Info:    Checking defaults for OMX/cmex/m/n on input line 131.
LaTeX Font Info:    ... okay on input line 131.
LaTeX Font Info:    Checking defaults for U/cmr/m/n on input line 131.
LaTeX Font Info:    ... okay on input line 131.
LaTeX Font Info:    Checking defaults for PD1/pdf/m/n on input line 131.
LaTeX Font Info:    ... okay on input line 131.
LaTeX Font Info:    Checking defaults for PU/pdf/m/n on input line 131.
LaTeX Font Info:    ... okay on input line 131.
(c:/Users/reids/AppData/Roaming/TinyTeX/texmf-dist/tex/latex/epstopdf-pkg/epstopdf-base.sty
Package: epstopdf-base 2020-01-24 v2.11 Base part for package epstopdf
Package epstopdf-base Info: Redefining graphics rule for `.eps' on input line 485.
(c:/Users/reids/AppData/Roaming/TinyTeX/texmf-dist/tex/latex/latexconfig/epstopdf-sys.cfg
File: epstopdf-sys.cfg 2010/07/13 v1.3 Configuration of (r)epstopdf for TeX Live
))
*geometry* driver: auto-detecting
*geometry* detected driver: pdftex
*geometry* verbose mode - [ preamble ] result:
* driver: pdftex
* paper: <default>
* layout: <same size as paper>
* layoutoffset:(h,v)=(0.0pt,0.0pt)
* modes: 
* h-part:(L,W,R)=(72.26999pt, 469.75502pt, 72.26999pt)
* v-part:(T,H,B)=(72.26999pt, 650.43001pt, 72.26999pt)
* \paperwidth=614.295pt
* \paperheight=794.96999pt
* \textwidth=469.75502pt
* \textheight=650.43001pt
* \oddsidemargin=0.0pt
* \evensidemargin=0.0pt
* \topmargin=-37.0pt
* \headheight=12.0pt
* \headsep=25.0pt
* \topskip=10.0pt
* \footskip=30.0pt
* \marginparwidth=65.0pt
* \marginparsep=11.0pt
* \columnsep=10.0pt
* \skip\footins=9.0pt plus 4.0pt minus 2.0pt
* \hoffset=0.0pt
* \voffset=0.0pt
* \mag=1000
* \@twocolumnfalse
* \@twosidefalse
* \@mparswitchfalse
* \@reversemarginfalse
* (1in=72.27pt=25.4mm, 1cm=28.453pt)

Package hyperref Info: Link coloring OFF on input line 131.
LaTeX Font Info:    Trying to load font information for OT1+lmr on input line 133.
(c:/Users/reids/AppData/Roaming/TinyTeX/texmf-dist/tex/latex/lm/ot1lmr.fd
File: ot1lmr.fd 2015/05/01 v1.6.1 Font defs for Latin Modern
)
LaTeX Font Info:    Trying to load font information for OML+lmm on input line 133.
(c:/Users/reids/AppData/Roaming/TinyTeX/texmf-dist/tex/latex/lm/omllmm.fd
File: omllmm.fd 2015/05/01 v1.6.1 Font defs for Latin Modern
)
LaTeX Font Info:    Trying to load font information for OMS+lmsy on input line 133.
(c:/Users/reids/AppData/Roaming/TinyTeX/texmf-dist/tex/latex/lm/omslmsy.fd
File: omslmsy.fd 2015/05/01 v1.6.1 Font defs for Latin Modern
)
LaTeX Font Info:    Trying to load font information for OMX+lmex on input line 133.
(c:/Users/reids/AppData/Roaming/TinyTeX/texmf-dist/tex/latex/lm/omxlmex.fd
File: omxlmex.fd 2015/05/01 v1.6.1 Font defs for Latin Modern
)
LaTeX Font Info:    External font `lmex10' loaded for size
(Font)              <12> on input line 133.
LaTeX Font Info:    External font `lmex10' loaded for size
(Font)              <8> on input line 133.
LaTeX Font Info:    External font `lmex10' loaded for size
(Font)              <6> on input line 133.
LaTeX Font Info:    Trying to load font information for U+msa on input line 133.
(c:/Users/reids/AppData/Roaming/TinyTeX/texmf-dist/tex/latex/amsfonts/umsa.fd
File: umsa.fd 2013/01/14 v3.01 AMS symbols A
)
LaTeX Font Info:    Trying to load font information for U+msb on input line 133.
(c:/Users/reids/AppData/Roaming/TinyTeX/texmf-dist/tex/latex/amsfonts/umsb.fd
File: umsb.fd 2013/01/14 v3.01 AMS symbols B
) [1

{c:/Users/reids/AppData/Roaming/TinyTeX/texmf-var/fonts/map/pdftex/updmap/pdftex.map}{c:/Users/reids/AppData/Roaming/TinyTeX/texmf-dist/fonts/enc/dvips/lm/lm-ec.enc}] (./phenometrics-vignette-SI.toc
LaTeX Font Info:    Trying to load font information for T1+lmtt on input line 1.
(c:/Users/reids/AppData/Roaming/TinyTeX/texmf-dist/tex/latex/lm/t1lmtt.fd
File: t1lmtt.fd 2015/05/01 v1.6.1 Font defs for Latin Modern
)
LaTeX Font Info:    Font shape `T1/lmtt/bx/n' in size <10> not available
(Font)              Font shape `T1/lmtt/b/n' tried instead on input line 1.
LaTeX Font Info:    External font `lmex10' loaded for size
(Font)              <10> on input line 3.
LaTeX Font Info:    External font `lmex10' loaded for size
(Font)              <7> on input line 3.
LaTeX Font Info:    External font `lmex10' loaded for size
(Font)              <5> on input line 3.
)
\tf@toc=\write4
\openout4 = `phenometrics-vignette-SI.toc'.

[2

]
LaTeX Font Info:    Font shape `T1/lmtt/bx/n' in size <14.4> not available
(Font)              Font shape `T1/lmtt/b/n' tried instead on input line 144.
LaTeX Font Info:    Trying to load font information for TS1+lmtt on input line 185.
(c:/Users/reids/AppData/Roaming/TinyTeX/texmf-dist/tex/latex/lm/ts1lmtt.fd
File: ts1lmtt.fd 2015/05/01 v1.6.1 Font defs for Latin Modern
)
<phenometrics-vignette-SI_files/phenometrics-vignette-SI_files/figure-latex/unnamed-chunk-2-1.pdf, id=34, 505.89pt x 289.08pt>
File: phenometrics-vignette-SI_files/phenometrics-vignette-SI_files/figure-latex/unnamed-chunk-2-1.pdf Graphic file (type pdf)
<use phenometrics-vignette-SI_files/phenometrics-vignette-SI_files/figure-latex/unnamed-chunk-2-1.pdf>
Package pdftex.def Info: phenometrics-vignette-SI_files/phenometrics-vignette-SI_files/figure-latex/unnamed-chunk-2-1.pdf  used on input line 189.
(pdftex.def)             Requested size: 505.88875pt x 289.07928pt.
[3

{c:/Users/reids/AppData/Roaming/TinyTeX/texmf-dist/fonts/enc/dvips/lm/lm-ts1.enc}]
<phenometrics-vignette-SI_files/phenometrics-vignette-SI_files/figure-latex/unnamed-chunk-2-2.pdf, id=42, 505.89pt x 289.08pt>
File: phenometrics-vignette-SI_files/phenometrics-vignette-SI_files/figure-latex/unnamed-chunk-2-2.pdf Graphic file (type pdf)
<use phenometrics-vignette-SI_files/phenometrics-vignette-SI_files/figure-latex/unnamed-chunk-2-2.pdf>
Package pdftex.def Info: phenometrics-vignette-SI_files/phenometrics-vignette-SI_files/figure-latex/unnamed-chunk-2-2.pdf  used on input line 199.
(pdftex.def)             Requested size: 505.88875pt x 289.07928pt.
[4 <./phenometrics-vignette-SI_files/phenometrics-vignette-SI_files/figure-latex/unnamed-chunk-2-1.pdf> <./phenometrics-vignette-SI_files/phenometrics-vignette-SI_files/figure-latex/unnamed-chunk-2-2.pdf>]
<phenometrics-vignette-SI_files/phenometrics-vignette-SI_files/figure-latex/unnamed-chunk-3-1.pdf, id=57, 505.89pt x 289.08pt>
File: phenometrics-vignette-SI_files/phenometrics-vignette-SI_files/figure-latex/unnamed-chunk-3-1.pdf Graphic file (type pdf)
<use phenometrics-vignette-SI_files/phenometrics-vignette-SI_files/figure-latex/unnamed-chunk-3-1.pdf>
Package pdftex.def Info: phenometrics-vignette-SI_files/phenometrics-vignette-SI_files/figure-latex/unnamed-chunk-3-1.pdf  used on input line 243.
(pdftex.def)             Requested size: 505.88875pt x 289.07928pt.
[5 <./phenometrics-vignette-SI_files/phenometrics-vignette-SI_files/figure-latex/unnamed-chunk-3-1.pdf>]
<phenometrics-vignette-SI_files/phenometrics-vignette-SI_files/figure-latex/unnamed-chunk-4-1.pdf, id=67, 505.89pt x 289.08pt>
File: phenometrics-vignette-SI_files/phenometrics-vignette-SI_files/figure-latex/unnamed-chunk-4-1.pdf Graphic file (type pdf)
<use phenometrics-vignette-SI_files/phenometrics-vignette-SI_files/figure-latex/unnamed-chunk-4-1.pdf>
Package pdftex.def Info: phenometrics-vignette-SI_files/phenometrics-vignette-SI_files/figure-latex/unnamed-chunk-4-1.pdf  used on input line 276.
(pdftex.def)             Requested size: 505.88875pt x 289.07928pt.
[6 <./phenometrics-vignette-SI_files/phenometrics-vignette-SI_files/figure-latex/unnamed-chunk-4-1.pdf>]
<phenometrics-vignette-SI_files/phenometrics-vignette-SI_files/figure-latex/unnamed-chunk-4-2.pdf, id=77, 505.89pt x 289.08pt>
File: phenometrics-vignette-SI_files/phenometrics-vignette-SI_files/figure-latex/unnamed-chunk-4-2.pdf Graphic file (type pdf)
<use phenometrics-vignette-SI_files/phenometrics-vignette-SI_files/figure-latex/unnamed-chunk-4-2.pdf>
Package pdftex.def Info: phenometrics-vignette-SI_files/phenometrics-vignette-SI_files/figure-latex/unnamed-chunk-4-2.pdf  used on input line 296.
(pdftex.def)             Requested size: 505.88875pt x 289.07928pt.
[7 <./phenometrics-vignette-SI_files/phenometrics-vignette-SI_files/figure-latex/unnamed-chunk-4-2.pdf>]
<phenometrics-vignette-SI_files/phenometrics-vignette-SI_files/figure-latex/unnamed-chunk-5-1.pdf, id=88, 505.89pt x 289.08pt>
File: phenometrics-vignette-SI_files/phenometrics-vignette-SI_files/figure-latex/unnamed-chunk-5-1.pdf Graphic file (type pdf)
<use phenometrics-vignette-SI_files/phenometrics-vignette-SI_files/figure-latex/unnamed-chunk-5-1.pdf>
Package pdftex.def Info: phenometrics-vignette-SI_files/phenometrics-vignette-SI_files/figure-latex/unnamed-chunk-5-1.pdf  used on input line 369.
(pdftex.def)             Requested size: 505.88875pt x 289.07928pt.
[8]
<phenometrics-vignette-SI_files/phenometrics-vignette-SI_files/figure-latex/unnamed-chunk-5-2.pdf, id=94, 505.89pt x 289.08pt>
File: phenometrics-vignette-SI_files/phenometrics-vignette-SI_files/figure-latex/unnamed-chunk-5-2.pdf Graphic file (type pdf)
<use phenometrics-vignette-SI_files/phenometrics-vignette-SI_files/figure-latex/unnamed-chunk-5-2.pdf>
Package pdftex.def Info: phenometrics-vignette-SI_files/phenometrics-vignette-SI_files/figure-latex/unnamed-chunk-5-2.pdf  used on input line 377.
(pdftex.def)             Requested size: 505.88875pt x 289.07928pt.
[9 <./phenometrics-vignette-SI_files/phenometrics-vignette-SI_files/figure-latex/unnamed-chunk-5-1.pdf> <./phenometrics-vignette-SI_files/phenometrics-vignette-SI_files/figure-latex/unnamed-chunk-5-2.pdf>]
<phenometrics-vignette-SI_files/phenometrics-vignette-SI_files/figure-latex/unnamed-chunk-6-1.pdf, id=117, 505.89pt x 289.08pt>
File: phenometrics-vignette-SI_files/phenometrics-vignette-SI_files/figure-latex/unnamed-chunk-6-1.pdf Graphic file (type pdf)
<use phenometrics-vignette-SI_files/phenometrics-vignette-SI_files/figure-latex/unnamed-chunk-6-1.pdf>
Package pdftex.def Info: phenometrics-vignette-SI_files/phenometrics-vignette-SI_files/figure-latex/unnamed-chunk-6-1.pdf  used on input line 407.
(pdftex.def)             Requested size: 505.88875pt x 289.07928pt.
<phenometrics-vignette-SI_files/phenometrics-vignette-SI_files/figure-latex/unnamed-chunk-6-2.pdf, id=118, 505.89pt x 289.08pt>
File: phenometrics-vignette-SI_files/phenometrics-vignette-SI_files/figure-latex/unnamed-chunk-6-2.pdf Graphic file (type pdf)
<use phenometrics-vignette-SI_files/phenometrics-vignette-SI_files/figure-latex/unnamed-chunk-6-2.pdf>
Package pdftex.def Info: phenometrics-vignette-SI_files/phenometrics-vignette-SI_files/figure-latex/unnamed-chunk-6-2.pdf  used on input line 417.
(pdftex.def)             Requested size: 505.88875pt x 289.07928pt.
[10 <./phenometrics-vignette-SI_files/phenometrics-vignette-SI_files/figure-latex/unnamed-chunk-6-1.pdf>]
<phenometrics-vignette-SI_files/phenometrics-vignette-SI_files/figure-latex/unnamed-chunk-6-3.pdf, id=131, 505.89pt x 289.08pt>
File: phenometrics-vignette-SI_files/phenometrics-vignette-SI_files/figure-latex/unnamed-chunk-6-3.pdf Graphic file (type pdf)
<use phenometrics-vignette-SI_files/phenometrics-vignette-SI_files/figure-latex/unnamed-chunk-6-3.pdf>
Package pdftex.def Info: phenometrics-vignette-SI_files/phenometrics-vignette-SI_files/figure-latex/unnamed-chunk-6-3.pdf  used on input line 430.
(pdftex.def)             Requested size: 505.88875pt x 289.07928pt.
[11 <./phenometrics-vignette-SI_files/phenometrics-vignette-SI_files/figure-latex/unnamed-chunk-6-2.pdf>]
<phenometrics-vignette-SI_files/phenometrics-vignette-SI_files/figure-latex/unnamed-chunk-7-1.pdf, id=142, 505.89pt x 289.08pt>
File: phenometrics-vignette-SI_files/phenometrics-vignette-SI_files/figure-latex/unnamed-chunk-7-1.pdf Graphic file (type pdf)
<use phenometrics-vignette-SI_files/phenometrics-vignette-SI_files/figure-latex/unnamed-chunk-7-1.pdf>
Package pdftex.def Info: phenometrics-vignette-SI_files/phenometrics-vignette-SI_files/figure-latex/unnamed-chunk-7-1.pdf  used on input line 465.
(pdftex.def)             Requested size: 505.88875pt x 289.07928pt.
[12 <./phenometrics-vignette-SI_files/phenometrics-vignette-SI_files/figure-latex/unnamed-chunk-6-3.pdf>]
<phenometrics-vignette-SI_files/phenometrics-vignette-SI_files/figure-latex/unnamed-chunk-7-2.pdf, id=153, 505.89pt x 289.08pt>
File: phenometrics-vignette-SI_files/phenometrics-vignette-SI_files/figure-latex/unnamed-chunk-7-2.pdf Graphic file (type pdf)
<use phenometrics-vignette-SI_files/phenometrics-vignette-SI_files/figure-latex/unnamed-chunk-7-2.pdf>
Package pdftex.def Info: phenometrics-vignette-SI_files/phenometrics-vignette-SI_files/figure-latex/unnamed-chunk-7-2.pdf  used on input line 473.
(pdftex.def)             Requested size: 505.88875pt x 289.07928pt.
[13 <./phenometrics-vignette-SI_files/phenometrics-vignette-SI_files/figure-latex/unnamed-chunk-7-1.pdf> <./phenometrics-vignette-SI_files/phenometrics-vignette-SI_files/figure-latex/unnamed-chunk-7-2.pdf>]
<phenometrics-vignette-SI_files/phenometrics-vignette-SI_files/figure-latex/unnamed-chunk-8-1.pdf, id=172, 505.89pt x 289.08pt>
File: phenometrics-vignette-SI_files/phenometrics-vignette-SI_files/figure-latex/unnamed-chunk-8-1.pdf Graphic file (type pdf)
<use phenometrics-vignette-SI_files/phenometrics-vignette-SI_files/figure-latex/unnamed-chunk-8-1.pdf>
Package pdftex.def Info: phenometrics-vignette-SI_files/phenometrics-vignette-SI_files/figure-latex/unnamed-chunk-8-1.pdf  used on input line 520.
(pdftex.def)             Requested size: 505.88875pt x 289.07928pt.
[14 <./phenometrics-vignette-SI_files/phenometrics-vignette-SI_files/figure-latex/unnamed-chunk-8-1.pdf>]
<phenometrics-vignette-SI_files/phenometrics-vignette-SI_files/figure-latex/unnamed-chunk-8-2.pdf, id=182, 505.89pt x 289.08pt>
File: phenometrics-vignette-SI_files/phenometrics-vignette-SI_files/figure-latex/unnamed-chunk-8-2.pdf Graphic file (type pdf)
<use phenometrics-vignette-SI_files/phenometrics-vignette-SI_files/figure-latex/unnamed-chunk-8-2.pdf>
Package pdftex.def Info: phenometrics-vignette-SI_files/phenometrics-vignette-SI_files/figure-latex/unnamed-chunk-8-2.pdf  used on input line 536.
(pdftex.def)             Requested size: 505.88875pt x 289.07928pt.
<phenometrics-vignette-SI_files/phenometrics-vignette-SI_files/figure-latex/unnamed-chunk-8-3.pdf, id=183, 505.89pt x 289.08pt>
File: phenometrics-vignette-SI_files/phenometrics-vignette-SI_files/figure-latex/unnamed-chunk-8-3.pdf Graphic file (type pdf)
<use phenometrics-vignette-SI_files/phenometrics-vignette-SI_files/figure-latex/unnamed-chunk-8-3.pdf>
Package pdftex.def Info: phenometrics-vignette-SI_files/phenometrics-vignette-SI_files/figure-latex/unnamed-chunk-8-3.pdf  used on input line 544.
(pdftex.def)             Requested size: 505.88875pt x 289.07928pt.
[15 <./phenometrics-vignette-SI_files/phenometrics-vignette-SI_files/figure-latex/unnamed-chunk-8-2.pdf>]
<phenometrics-vignette-SI_files/phenometrics-vignette-SI_files/figure-latex/unnamed-chunk-9-1.pdf, id=194, 505.89pt x 289.08pt>
File: phenometrics-vignette-SI_files/phenometrics-vignette-SI_files/figure-latex/unnamed-chunk-9-1.pdf Graphic file (type pdf)
<use phenometrics-vignette-SI_files/phenometrics-vignette-SI_files/figure-latex/unnamed-chunk-9-1.pdf>
Package pdftex.def Info: phenometrics-vignette-SI_files/phenometrics-vignette-SI_files/figure-latex/unnamed-chunk-9-1.pdf  used on input line 572.
(pdftex.def)             Requested size: 505.88875pt x 289.07928pt.
[16 <./phenometrics-vignette-SI_files/phenometrics-vignette-SI_files/figure-latex/unnamed-chunk-8-3.pdf>] [17 <./phenometrics-vignette-SI_files/phenometrics-vignette-SI_files/figure-latex/unnamed-chunk-9-1.pdf>]
<phenometrics-vignette-SI_files/phenometrics-vignette-SI_files/figure-latex/unnamed-chunk-10-1.pdf, id=215, 505.89pt x 289.08pt>
File: phenometrics-vignette-SI_files/phenometrics-vignette-SI_files/figure-latex/unnamed-chunk-10-1.pdf Graphic file (type pdf)
<use phenometrics-vignette-SI_files/phenometrics-vignette-SI_files/figure-latex/unnamed-chunk-10-1.pdf>
Package pdftex.def Info: phenometrics-vignette-SI_files/phenometrics-vignette-SI_files/figure-latex/unnamed-chunk-10-1.pdf  used on input line 611.
(pdftex.def)             Requested size: 505.88875pt x 289.07928pt.
[18

 <./phenometrics-vignette-SI_files/phenometrics-vignette-SI_files/figure-latex/unnamed-chunk-10-1.pdf>]
<phenometrics-vignette-SI_files/phenometrics-vignette-SI_files/figure-latex/unnamed-chunk-10-2.pdf, id=225, 505.89pt x 289.08pt>
File: phenometrics-vignette-SI_files/phenometrics-vignette-SI_files/figure-latex/unnamed-chunk-10-2.pdf Graphic file (type pdf)
<use phenometrics-vignette-SI_files/phenometrics-vignette-SI_files/figure-latex/unnamed-chunk-10-2.pdf>
Package pdftex.def Info: phenometrics-vignette-SI_files/phenometrics-vignette-SI_files/figure-latex/unnamed-chunk-10-2.pdf  used on input line 627.
(pdftex.def)             Requested size: 505.88875pt x 289.07928pt.
<phenometrics-vignette-SI_files/phenometrics-vignette-SI_files/figure-latex/unnamed-chunk-11-1.pdf, id=226, 505.89pt x 289.08pt>
File: phenometrics-vignette-SI_files/phenometrics-vignette-SI_files/figure-latex/unnamed-chunk-11-1.pdf Graphic file (type pdf)
<use phenometrics-vignette-SI_files/phenometrics-vignette-SI_files/figure-latex/unnamed-chunk-11-1.pdf>
Package pdftex.def Info: phenometrics-vignette-SI_files/phenometrics-vignette-SI_files/figure-latex/unnamed-chunk-11-1.pdf  used on input line 641.
(pdftex.def)             Requested size: 505.88875pt x 289.07928pt.
[19 <./phenometrics-vignette-SI_files/phenometrics-vignette-SI_files/figure-latex/unnamed-chunk-10-2.pdf>]
<phenometrics-vignette-SI_files/phenometrics-vignette-SI_files/figure-latex/unnamed-chunk-11-2.pdf, id=237, 505.89pt x 289.08pt>
File: phenometrics-vignette-SI_files/phenometrics-vignette-SI_files/figure-latex/unnamed-chunk-11-2.pdf Graphic file (type pdf)
<use phenometrics-vignette-SI_files/phenometrics-vignette-SI_files/figure-latex/unnamed-chunk-11-2.pdf>
Package pdftex.def Info: phenometrics-vignette-SI_files/phenometrics-vignette-SI_files/figure-latex/unnamed-chunk-11-2.pdf  used on input line 649.
(pdftex.def)             Requested size: 505.88875pt x 289.07928pt.
[20 <./phenometrics-vignette-SI_files/phenometrics-vignette-SI_files/figure-latex/unnamed-chunk-11-1.pdf> <./phenometrics-vignette-SI_files/phenometrics-vignette-SI_files/figure-latex/unnamed-chunk-11-2.pdf>]
<phenometrics-vignette-SI_files/phenometrics-vignette-SI_files/figure-latex/unnamed-chunk-12-1.pdf, id=252, 505.89pt x 289.08pt>
File: phenometrics-vignette-SI_files/phenometrics-vignette-SI_files/figure-latex/unnamed-chunk-12-1.pdf Graphic file (type pdf)
<use phenometrics-vignette-SI_files/phenometrics-vignette-SI_files/figure-latex/unnamed-chunk-12-1.pdf>
Package pdftex.def Info: phenometrics-vignette-SI_files/phenometrics-vignette-SI_files/figure-latex/unnamed-chunk-12-1.pdf  used on input line 717.
(pdftex.def)             Requested size: 505.88875pt x 289.07928pt.
[21]
<phenometrics-vignette-SI_files/phenometrics-vignette-SI_files/figure-latex/unnamed-chunk-12-2.pdf, id=258, 505.89pt x 289.08pt>
File: phenometrics-vignette-SI_files/phenometrics-vignette-SI_files/figure-latex/unnamed-chunk-12-2.pdf Graphic file (type pdf)
<use phenometrics-vignette-SI_files/phenometrics-vignette-SI_files/figure-latex/unnamed-chunk-12-2.pdf>
Package pdftex.def Info: phenometrics-vignette-SI_files/phenometrics-vignette-SI_files/figure-latex/unnamed-chunk-12-2.pdf  used on input line 725.
(pdftex.def)             Requested size: 505.88875pt x 289.07928pt.
[22 <./phenometrics-vignette-SI_files/phenometrics-vignette-SI_files/figure-latex/unnamed-chunk-12-1.pdf> <./phenometrics-vignette-SI_files/phenometrics-vignette-SI_files/figure-latex/unnamed-chunk-12-2.pdf>]
<phenometrics-vignette-SI_files/phenometrics-vignette-SI_files/figure-latex/unnamed-chunk-13-1.pdf, id=274, 505.89pt x 289.08pt>
File: phenometrics-vignette-SI_files/phenometrics-vignette-SI_files/figure-latex/unnamed-chunk-13-1.pdf Graphic file (type pdf)
<use phenometrics-vignette-SI_files/phenometrics-vignette-SI_files/figure-latex/unnamed-chunk-13-1.pdf>
Package pdftex.def Info: phenometrics-vignette-SI_files/phenometrics-vignette-SI_files/figure-latex/unnamed-chunk-13-1.pdf  used on input line 755.
(pdftex.def)             Requested size: 505.88875pt x 289.07928pt.
<phenometrics-vignette-SI_files/phenometrics-vignette-SI_files/figure-latex/unnamed-chunk-13-2.pdf, id=275, 505.89pt x 289.08pt>
File: phenometrics-vignette-SI_files/phenometrics-vignette-SI_files/figure-latex/unnamed-chunk-13-2.pdf Graphic file (type pdf)
<use phenometrics-vignette-SI_files/phenometrics-vignette-SI_files/figure-latex/unnamed-chunk-13-2.pdf>
Package pdftex.def Info: phenometrics-vignette-SI_files/phenometrics-vignette-SI_files/figure-latex/unnamed-chunk-13-2.pdf  used on input line 763.
(pdftex.def)             Requested size: 505.88875pt x 289.07928pt.
[23 <./phenometrics-vignette-SI_files/phenometrics-vignette-SI_files/figure-latex/unnamed-chunk-13-1.pdf>]
<phenometrics-vignette-SI_files/phenometrics-vignette-SI_files/figure-latex/unnamed-chunk-14-1.pdf, id=285, 505.89pt x 289.08pt>
File: phenometrics-vignette-SI_files/phenometrics-vignette-SI_files/figure-latex/unnamed-chunk-14-1.pdf Graphic file (type pdf)
<use phenometrics-vignette-SI_files/phenometrics-vignette-SI_files/figure-latex/unnamed-chunk-14-1.pdf>
Package pdftex.def Info: phenometrics-vignette-SI_files/phenometrics-vignette-SI_files/figure-latex/unnamed-chunk-14-1.pdf  used on input line 798.
(pdftex.def)             Requested size: 505.88875pt x 289.07928pt.
[24 <./phenometrics-vignette-SI_files/phenometrics-vignette-SI_files/figure-latex/unnamed-chunk-13-2.pdf>]
<phenometrics-vignette-SI_files/phenometrics-vignette-SI_files/figure-latex/unnamed-chunk-14-2.pdf, id=296, 505.89pt x 289.08pt>
File: phenometrics-vignette-SI_files/phenometrics-vignette-SI_files/figure-latex/unnamed-chunk-14-2.pdf Graphic file (type pdf)
<use phenometrics-vignette-SI_files/phenometrics-vignette-SI_files/figure-latex/unnamed-chunk-14-2.pdf>
Package pdftex.def Info: phenometrics-vignette-SI_files/phenometrics-vignette-SI_files/figure-latex/unnamed-chunk-14-2.pdf  used on input line 808.
(pdftex.def)             Requested size: 505.88875pt x 289.07928pt.
<phenometrics-vignette-SI_files/phenometrics-vignette-SI_files/figure-latex/unnamed-chunk-14-3.pdf, id=297, 505.89pt x 289.08pt>
File: phenometrics-vignette-SI_files/phenometrics-vignette-SI_files/figure-latex/unnamed-chunk-14-3.pdf Graphic file (type pdf)
<use phenometrics-vignette-SI_files/phenometrics-vignette-SI_files/figure-latex/unnamed-chunk-14-3.pdf>
Package pdftex.def Info: phenometrics-vignette-SI_files/phenometrics-vignette-SI_files/figure-latex/unnamed-chunk-14-3.pdf  used on input line 816.
(pdftex.def)             Requested size: 505.88875pt x 289.07928pt.
[25 <./phenometrics-vignette-SI_files/phenometrics-vignette-SI_files/figure-latex/unnamed-chunk-14-1.pdf> <./phenometrics-vignette-SI_files/phenometrics-vignette-SI_files/figure-latex/unnamed-chunk-14-2.pdf>] [26 <./phenometrics-vignette-SI_files/phenometrics-vignette-SI_files/figure-latex/unnamed-chunk-14-3.pdf>]
<phenometrics-vignette-SI_files/phenometrics-vignette-SI_files/figure-latex/unnamed-chunk-15-1.pdf, id=326, 505.89pt x 289.08pt>
File: phenometrics-vignette-SI_files/phenometrics-vignette-SI_files/figure-latex/unnamed-chunk-15-1.pdf Graphic file (type pdf)
<use phenometrics-vignette-SI_files/phenometrics-vignette-SI_files/figure-latex/unnamed-chunk-15-1.pdf>
Package pdftex.def Info: phenometrics-vignette-SI_files/phenometrics-vignette-SI_files/figure-latex/unnamed-chunk-15-1.pdf  used on input line 874.
(pdftex.def)             Requested size: 505.88875pt x 289.07928pt.
[27 <./phenometrics-vignette-SI_files/phenometrics-vignette-SI_files/figure-latex/unnamed-chunk-15-1.pdf>]
<phenometrics-vignette-SI_files/phenometrics-vignette-SI_files/figure-latex/unnamed-chunk-16-1.pdf, id=336, 505.89pt x 289.08pt>
File: phenometrics-vignette-SI_files/phenometrics-vignette-SI_files/figure-latex/unnamed-chunk-16-1.pdf Graphic file (type pdf)
<use phenometrics-vignette-SI_files/phenometrics-vignette-SI_files/figure-latex/unnamed-chunk-16-1.pdf>
Package pdftex.def Info: phenometrics-vignette-SI_files/phenometrics-vignette-SI_files/figure-latex/unnamed-chunk-16-1.pdf  used on input line 926.
(pdftex.def)             Requested size: 505.88875pt x 289.07928pt.
[28 <./phenometrics-vignette-SI_files/phenometrics-vignette-SI_files/figure-latex/unnamed-chunk-16-1.pdf>]
<phenometrics-vignette-SI_files/phenometrics-vignette-SI_files/figure-latex/unnamed-chunk-16-2.pdf, id=349, 505.89pt x 289.08pt>
File: phenometrics-vignette-SI_files/phenometrics-vignette-SI_files/figure-latex/unnamed-chunk-16-2.pdf Graphic file (type pdf)
<use phenometrics-vignette-SI_files/phenometrics-vignette-SI_files/figure-latex/unnamed-chunk-16-2.pdf>
Package pdftex.def Info: phenometrics-vignette-SI_files/phenometrics-vignette-SI_files/figure-latex/unnamed-chunk-16-2.pdf  used on input line 936.
(pdftex.def)             Requested size: 505.88875pt x 289.07928pt.
<phenometrics-vignette-SI_files/phenometrics-vignette-SI_files/figure-latex/unnamed-chunk-16-3.pdf, id=350, 505.89pt x 289.08pt>
File: phenometrics-vignette-SI_files/phenometrics-vignette-SI_files/figure-latex/unnamed-chunk-16-3.pdf Graphic file (type pdf)
<use phenometrics-vignette-SI_files/phenometrics-vignette-SI_files/figure-latex/unnamed-chunk-16-3.pdf>
Package pdftex.def Info: phenometrics-vignette-SI_files/phenometrics-vignette-SI_files/figure-latex/unnamed-chunk-16-3.pdf  used on input line 946.
(pdftex.def)             Requested size: 505.88875pt x 289.07928pt.
[29 <./phenometrics-vignette-SI_files/phenometrics-vignette-SI_files/figure-latex/unnamed-chunk-16-2.pdf> <./phenometrics-vignette-SI_files/phenometrics-vignette-SI_files/figure-latex/unnamed-chunk-16-3.pdf>]
<phenometrics-vignette-SI_files/phenometrics-vignette-SI_files/figure-latex/unnamed-chunk-16-4.pdf, id=365, 505.89pt x 289.08pt>
File: phenometrics-vignette-SI_files/phenometrics-vignette-SI_files/figure-latex/unnamed-chunk-16-4.pdf Graphic file (type pdf)
<use phenometrics-vignette-SI_files/phenometrics-vignette-SI_files/figure-latex/unnamed-chunk-16-4.pdf>
Package pdftex.def Info: phenometrics-vignette-SI_files/phenometrics-vignette-SI_files/figure-latex/unnamed-chunk-16-4.pdf  used on input line 954.
(pdftex.def)             Requested size: 505.88875pt x 289.07928pt.
[30 <./phenometrics-vignette-SI_files/phenometrics-vignette-SI_files/figure-latex/unnamed-chunk-16-4.pdf>]
<phenometrics-vignette-SI_files/phenometrics-vignette-SI_files/figure-latex/unnamed-chunk-17-1.pdf, id=375, 505.89pt x 289.08pt>
File: phenometrics-vignette-SI_files/phenometrics-vignette-SI_files/figure-latex/unnamed-chunk-17-1.pdf Graphic file (type pdf)
<use phenometrics-vignette-SI_files/phenometrics-vignette-SI_files/figure-latex/unnamed-chunk-17-1.pdf>
Package pdftex.def Info: phenometrics-vignette-SI_files/phenometrics-vignette-SI_files/figure-latex/unnamed-chunk-17-1.pdf  used on input line 1004.
(pdftex.def)             Requested size: 505.88875pt x 289.07928pt.
<phenometrics-vignette-SI_files/phenometrics-vignette-SI_files/figure-latex/unnamed-chunk-17-2.pdf, id=376, 505.89pt x 289.08pt>
File: phenometrics-vignette-SI_files/phenometrics-vignette-SI_files/figure-latex/unnamed-chunk-17-2.pdf Graphic file (type pdf)
<use phenometrics-vignette-SI_files/phenometrics-vignette-SI_files/figure-latex/unnamed-chunk-17-2.pdf>
Package pdftex.def Info: phenometrics-vignette-SI_files/phenometrics-vignette-SI_files/figure-latex/unnamed-chunk-17-2.pdf  used on input line 1014.
(pdftex.def)             Requested size: 505.88875pt x 289.07928pt.
[31 <./phenometrics-vignette-SI_files/phenometrics-vignette-SI_files/figure-latex/unnamed-chunk-17-1.pdf>]
<phenometrics-vignette-SI_files/phenometrics-vignette-SI_files/figure-latex/unnamed-chunk-17-3.pdf, id=390, 505.89pt x 289.08pt>
File: phenometrics-vignette-SI_files/phenometrics-vignette-SI_files/figure-latex/unnamed-chunk-17-3.pdf Graphic file (type pdf)
<use phenometrics-vignette-SI_files/phenometrics-vignette-SI_files/figure-latex/unnamed-chunk-17-3.pdf>
Package pdftex.def Info: phenometrics-vignette-SI_files/phenometrics-vignette-SI_files/figure-latex/unnamed-chunk-17-3.pdf  used on input line 1024.
(pdftex.def)             Requested size: 505.88875pt x 289.07928pt.
<phenometrics-vignette-SI_files/phenometrics-vignette-SI_files/figure-latex/unnamed-chunk-17-4.pdf, id=391, 505.89pt x 289.08pt>
File: phenometrics-vignette-SI_files/phenometrics-vignette-SI_files/figure-latex/unnamed-chunk-17-4.pdf Graphic file (type pdf)
<use phenometrics-vignette-SI_files/phenometrics-vignette-SI_files/figure-latex/unnamed-chunk-17-4.pdf>
Package pdftex.def Info: phenometrics-vignette-SI_files/phenometrics-vignette-SI_files/figure-latex/unnamed-chunk-17-4.pdf  used on input line 1032.
(pdftex.def)             Requested size: 505.88875pt x 289.07928pt.
[32 <./phenometrics-vignette-SI_files/phenometrics-vignette-SI_files/figure-latex/unnamed-chunk-17-2.pdf> <./phenometrics-vignette-SI_files/phenometrics-vignette-SI_files/figure-latex/unnamed-chunk-17-3.pdf>] [33 <./phenometrics-vignette-SI_files/phenometrics-vignette-SI_files/figure-latex/unnamed-chunk-17-4.pdf>]
<phenometrics-vignette-SI_files/phenometrics-vignette-SI_files/figure-latex/unnamed-chunk-18-1.pdf, id=415, 505.89pt x 289.08pt>
File: phenometrics-vignette-SI_files/phenometrics-vignette-SI_files/figure-latex/unnamed-chunk-18-1.pdf Graphic file (type pdf)
<use phenometrics-vignette-SI_files/phenometrics-vignette-SI_files/figure-latex/unnamed-chunk-18-1.pdf>
Package pdftex.def Info: phenometrics-vignette-SI_files/phenometrics-vignette-SI_files/figure-latex/unnamed-chunk-18-1.pdf  used on input line 1095.
(pdftex.def)             Requested size: 505.88875pt x 289.07928pt.
<phenometrics-vignette-SI_files/phenometrics-vignette-SI_files/figure-latex/unnamed-chunk-18-2.pdf, id=416, 505.89pt x 289.08pt>
File: phenometrics-vignette-SI_files/phenometrics-vignette-SI_files/figure-latex/unnamed-chunk-18-2.pdf Graphic file (type pdf)
<use phenometrics-vignette-SI_files/phenometrics-vignette-SI_files/figure-latex/unnamed-chunk-18-2.pdf>
Package pdftex.def Info: phenometrics-vignette-SI_files/phenometrics-vignette-SI_files/figure-latex/unnamed-chunk-18-2.pdf  used on input line 1105.
(pdftex.def)             Requested size: 505.88875pt x 289.07928pt.
[34 <./phenometrics-vignette-SI_files/phenometrics-vignette-SI_files/figure-latex/unnamed-chunk-18-1.pdf>]
<phenometrics-vignette-SI_files/phenometrics-vignette-SI_files/figure-latex/unnamed-chunk-18-3.pdf, id=429, 505.89pt x 289.08pt>
File: phenometrics-vignette-SI_files/phenometrics-vignette-SI_files/figure-latex/unnamed-chunk-18-3.pdf Graphic file (type pdf)
<use phenometrics-vignette-SI_files/phenometrics-vignette-SI_files/figure-latex/unnamed-chunk-18-3.pdf>
Package pdftex.def Info: phenometrics-vignette-SI_files/phenometrics-vignette-SI_files/figure-latex/unnamed-chunk-18-3.pdf  used on input line 1115.
(pdftex.def)             Requested size: 505.88875pt x 289.07928pt.
<phenometrics-vignette-SI_files/phenometrics-vignette-SI_files/figure-latex/unnamed-chunk-18-4.pdf, id=430, 505.89pt x 289.08pt>
File: phenometrics-vignette-SI_files/phenometrics-vignette-SI_files/figure-latex/unnamed-chunk-18-4.pdf Graphic file (type pdf)
<use phenometrics-vignette-SI_files/phenometrics-vignette-SI_files/figure-latex/unnamed-chunk-18-4.pdf>
Package pdftex.def Info: phenometrics-vignette-SI_files/phenometrics-vignette-SI_files/figure-latex/unnamed-chunk-18-4.pdf  used on input line 1123.
(pdftex.def)             Requested size: 505.88875pt x 289.07928pt.
[35 <./phenometrics-vignette-SI_files/phenometrics-vignette-SI_files/figure-latex/unnamed-chunk-18-2.pdf> <./phenometrics-vignette-SI_files/phenometrics-vignette-SI_files/figure-latex/unnamed-chunk-18-3.pdf>]
<phenometrics-vignette-SI_files/phenometrics-vignette-SI_files/figure-latex/unnamed-chunk-18-5.pdf, id=446, 505.89pt x 289.08pt>
File: phenometrics-vignette-SI_files/phenometrics-vignette-SI_files/figure-latex/unnamed-chunk-18-5.pdf Graphic file (type pdf)
<use phenometrics-vignette-SI_files/phenometrics-vignette-SI_files/figure-latex/unnamed-chunk-18-5.pdf>
Package pdftex.def Info: phenometrics-vignette-SI_files/phenometrics-vignette-SI_files/figure-latex/unnamed-chunk-18-5.pdf  used on input line 1132.
(pdftex.def)             Requested size: 505.88875pt x 289.07928pt.
<phenometrics-vignette-SI_files/phenometrics-vignette-SI_files/figure-latex/unnamed-chunk-18-6.pdf, id=447, 505.89pt x 289.08pt>
File: phenometrics-vignette-SI_files/phenometrics-vignette-SI_files/figure-latex/unnamed-chunk-18-6.pdf Graphic file (type pdf)
<use phenometrics-vignette-SI_files/phenometrics-vignette-SI_files/figure-latex/unnamed-chunk-18-6.pdf>
Package pdftex.def Info: phenometrics-vignette-SI_files/phenometrics-vignette-SI_files/figure-latex/unnamed-chunk-18-6.pdf  used on input line 1140.
(pdftex.def)             Requested size: 505.88875pt x 289.07928pt.
[36 <./phenometrics-vignette-SI_files/phenometrics-vignette-SI_files/figure-latex/unnamed-chunk-18-4.pdf> <./phenometrics-vignette-SI_files/phenometrics-vignette-SI_files/figure-latex/unnamed-chunk-18-5.pdf>]
<phenometrics-vignette-SI_files/phenometrics-vignette-SI_files/figure-latex/unnamed-chunk-19-1.pdf, id=462, 505.89pt x 289.08pt>
File: phenometrics-vignette-SI_files/phenometrics-vignette-SI_files/figure-latex/unnamed-chunk-19-1.pdf Graphic file (type pdf)
<use phenometrics-vignette-SI_files/phenometrics-vignette-SI_files/figure-latex/unnamed-chunk-19-1.pdf>
Package pdftex.def Info: phenometrics-vignette-SI_files/phenometrics-vignette-SI_files/figure-latex/unnamed-chunk-19-1.pdf  used on input line 1186.
(pdftex.def)             Requested size: 505.88875pt x 289.07928pt.
[37 <./phenometrics-vignette-SI_files/phenometrics-vignette-SI_files/figure-latex/unnamed-chunk-18-6.pdf>]
<phenometrics-vignette-SI_files/phenometrics-vignette-SI_files/figure-latex/unnamed-chunk-19-2.pdf, id=474, 505.89pt x 289.08pt>
File: phenometrics-vignette-SI_files/phenometrics-vignette-SI_files/figure-latex/unnamed-chunk-19-2.pdf Graphic file (type pdf)
<use phenometrics-vignette-SI_files/phenometrics-vignette-SI_files/figure-latex/unnamed-chunk-19-2.pdf>
Package pdftex.def Info: phenometrics-vignette-SI_files/phenometrics-vignette-SI_files/figure-latex/unnamed-chunk-19-2.pdf  used on input line 1194.
(pdftex.def)             Requested size: 505.88875pt x 289.07928pt.
[38 <./phenometrics-vignette-SI_files/phenometrics-vignette-SI_files/figure-latex/unnamed-chunk-19-1.pdf> <./phenometrics-vignette-SI_files/phenometrics-vignette-SI_files/figure-latex/unnamed-chunk-19-2.pdf>]
<phenometrics-vignette-SI_files/phenometrics-vignette-SI_files/figure-latex/unnamed-chunk-20-1.pdf, id=489, 505.89pt x 289.08pt>
File: phenometrics-vignette-SI_files/phenometrics-vignette-SI_files/figure-latex/unnamed-chunk-20-1.pdf Graphic file (type pdf)
<use phenometrics-vignette-SI_files/phenometrics-vignette-SI_files/figure-latex/unnamed-chunk-20-1.pdf>
Package pdftex.def Info: phenometrics-vignette-SI_files/phenometrics-vignette-SI_files/figure-latex/unnamed-chunk-20-1.pdf  used on input line 1239.
(pdftex.def)             Requested size: 505.88875pt x 289.07928pt.
<phenometrics-vignette-SI_files/phenometrics-vignette-SI_files/figure-latex/unnamed-chunk-20-2.pdf, id=490, 505.89pt x 289.08pt>
File: phenometrics-vignette-SI_files/phenometrics-vignette-SI_files/figure-latex/unnamed-chunk-20-2.pdf Graphic file (type pdf)
<use phenometrics-vignette-SI_files/phenometrics-vignette-SI_files/figure-latex/unnamed-chunk-20-2.pdf>
Package pdftex.def Info: phenometrics-vignette-SI_files/phenometrics-vignette-SI_files/figure-latex/unnamed-chunk-20-2.pdf  used on input line 1249.
(pdftex.def)             Requested size: 505.88875pt x 289.07928pt.
[39 <./phenometrics-vignette-SI_files/phenometrics-vignette-SI_files/figure-latex/unnamed-chunk-20-1.pdf>]
<phenometrics-vignette-SI_files/phenometrics-vignette-SI_files/figure-latex/unnamed-chunk-20-3.pdf, id=503, 505.89pt x 289.08pt>
File: phenometrics-vignette-SI_files/phenometrics-vignette-SI_files/figure-latex/unnamed-chunk-20-3.pdf Graphic file (type pdf)
<use phenometrics-vignette-SI_files/phenometrics-vignette-SI_files/figure-latex/unnamed-chunk-20-3.pdf>
Package pdftex.def Info: phenometrics-vignette-SI_files/phenometrics-vignette-SI_files/figure-latex/unnamed-chunk-20-3.pdf  used on input line 1263.
(pdftex.def)             Requested size: 505.88875pt x 289.07928pt.
[40 <./phenometrics-vignette-SI_files/phenometrics-vignette-SI_files/figure-latex/unnamed-chunk-20-2.pdf> <./phenometrics-vignette-SI_files/phenometrics-vignette-SI_files/figure-latex/unnamed-chunk-20-3.pdf>]
<phenometrics-vignette-SI_files/phenometrics-vignette-SI_files/figure-latex/unnamed-chunk-21-1.pdf, id=519, 505.89pt x 289.08pt>
File: phenometrics-vignette-SI_files/phenometrics-vignette-SI_files/figure-latex/unnamed-chunk-21-1.pdf Graphic file (type pdf)
<use phenometrics-vignette-SI_files/phenometrics-vignette-SI_files/figure-latex/unnamed-chunk-21-1.pdf>
Package pdftex.def Info: phenometrics-vignette-SI_files/phenometrics-vignette-SI_files/figure-latex/unnamed-chunk-21-1.pdf  used on input line 1322.
(pdftex.def)             Requested size: 505.88875pt x 289.07928pt.
[41]
<phenometrics-vignette-SI_files/phenometrics-vignette-SI_files/figure-latex/unnamed-chunk-21-2.pdf, id=525, 505.89pt x 289.08pt>
File: phenometrics-vignette-SI_files/phenometrics-vignette-SI_files/figure-latex/unnamed-chunk-21-2.pdf Graphic file (type pdf)
<use phenometrics-vignette-SI_files/phenometrics-vignette-SI_files/figure-latex/unnamed-chunk-21-2.pdf>
Package pdftex.def Info: phenometrics-vignette-SI_files/phenometrics-vignette-SI_files/figure-latex/unnamed-chunk-21-2.pdf  used on input line 1335.
(pdftex.def)             Requested size: 505.88875pt x 289.07928pt.
[42 <./phenometrics-vignette-SI_files/phenometrics-vignette-SI_files/figure-latex/unnamed-chunk-21-1.pdf> <./phenometrics-vignette-SI_files/phenometrics-vignette-SI_files/figure-latex/unnamed-chunk-21-2.pdf>]
<phenometrics-vignette-SI_files/phenometrics-vignette-SI_files/figure-latex/unnamed-chunk-22-1.pdf, id=540, 505.89pt x 289.08pt>
File: phenometrics-vignette-SI_files/phenometrics-vignette-SI_files/figure-latex/unnamed-chunk-22-1.pdf Graphic file (type pdf)
<use phenometrics-vignette-SI_files/phenometrics-vignette-SI_files/figure-latex/unnamed-chunk-22-1.pdf>
Package pdftex.def Info: phenometrics-vignette-SI_files/phenometrics-vignette-SI_files/figure-latex/unnamed-chunk-22-1.pdf  used on input line 1347.
(pdftex.def)             Requested size: 505.88875pt x 289.07928pt.
<phenometrics-vignette-SI_files/phenometrics-vignette-SI_files/figure-latex/unnamed-chunk-23-1.pdf, id=541, 505.89pt x 289.08pt>
File: phenometrics-vignette-SI_files/phenometrics-vignette-SI_files/figure-latex/unnamed-chunk-23-1.pdf Graphic file (type pdf)
<use phenometrics-vignette-SI_files/phenometrics-vignette-SI_files/figure-latex/unnamed-chunk-23-1.pdf>
Package pdftex.def Info: phenometrics-vignette-SI_files/phenometrics-vignette-SI_files/figure-latex/unnamed-chunk-23-1.pdf  used on input line 1361.
(pdftex.def)             Requested size: 505.88875pt x 289.07928pt.
[43 <./phenometrics-vignette-SI_files/phenometrics-vignette-SI_files/figure-latex/unnamed-chunk-22-1.pdf>]
<phenometrics-vignette-SI_files/phenometrics-vignette-SI_files/figure-latex/unnamed-chunk-23-2.pdf, id=552, 505.89pt x 289.08pt>
File: phenometrics-vignette-SI_files/phenometrics-vignette-SI_files/figure-latex/unnamed-chunk-23-2.pdf Graphic file (type pdf)
<use phenometrics-vignette-SI_files/phenometrics-vignette-SI_files/figure-latex/unnamed-chunk-23-2.pdf>
Package pdftex.def Info: phenometrics-vignette-SI_files/phenometrics-vignette-SI_files/figure-latex/unnamed-chunk-23-2.pdf  used on input line 1369.
(pdftex.def)             Requested size: 505.88875pt x 289.07928pt.
[44 <./phenometrics-vignette-SI_files/phenometrics-vignette-SI_files/figure-latex/unnamed-chunk-23-1.pdf> <./phenometrics-vignette-SI_files/phenometrics-vignette-SI_files/figure-latex/unnamed-chunk-23-2.pdf>]
<phenometrics-vignette-SI_files/phenometrics-vignette-SI_files/figure-latex/unnamed-chunk-24-1.pdf, id=567, 505.89pt x 289.08pt>
File: phenometrics-vignette-SI_files/phenometrics-vignette-SI_files/figure-latex/unnamed-chunk-24-1.pdf Graphic file (type pdf)
<use phenometrics-vignette-SI_files/phenometrics-vignette-SI_files/figure-latex/unnamed-chunk-24-1.pdf>
Package pdftex.def Info: phenometrics-vignette-SI_files/phenometrics-vignette-SI_files/figure-latex/unnamed-chunk-24-1.pdf  used on input line 1449.
(pdftex.def)             Requested size: 505.88875pt x 289.07928pt.
[45]
<phenometrics-vignette-SI_files/phenometrics-vignette-SI_files/figure-latex/unnamed-chunk-24-2.pdf, id=574, 505.89pt x 289.08pt>
File: phenometrics-vignette-SI_files/phenometrics-vignette-SI_files/figure-latex/unnamed-chunk-24-2.pdf Graphic file (type pdf)
<use phenometrics-vignette-SI_files/phenometrics-vignette-SI_files/figure-latex/unnamed-chunk-24-2.pdf>
Package pdftex.def Info: phenometrics-vignette-SI_files/phenometrics-vignette-SI_files/figure-latex/unnamed-chunk-24-2.pdf  used on input line 1460.
(pdftex.def)             Requested size: 505.88875pt x 289.07928pt.
[46 <./phenometrics-vignette-SI_files/phenometrics-vignette-SI_files/figure-latex/unnamed-chunk-24-1.pdf> <./phenometrics-vignette-SI_files/phenometrics-vignette-SI_files/figure-latex/unnamed-chunk-24-2.pdf>]
<phenometrics-vignette-SI_files/phenometrics-vignette-SI_files/figure-latex/unnamed-chunk-25-1.pdf, id=593, 505.89pt x 289.08pt>
File: phenometrics-vignette-SI_files/phenometrics-vignette-SI_files/figure-latex/unnamed-chunk-25-1.pdf Graphic file (type pdf)
<use phenometrics-vignette-SI_files/phenometrics-vignette-SI_files/figure-latex/unnamed-chunk-25-1.pdf>
Package pdftex.def Info: phenometrics-vignette-SI_files/phenometrics-vignette-SI_files/figure-latex/unnamed-chunk-25-1.pdf  used on input line 1485.
(pdftex.def)             Requested size: 505.88875pt x 289.07928pt.
<phenometrics-vignette-SI_files/phenometrics-vignette-SI_files/figure-latex/unnamed-chunk-25-2.pdf, id=594, 505.89pt x 289.08pt>
File: phenometrics-vignette-SI_files/phenometrics-vignette-SI_files/figure-latex/unnamed-chunk-25-2.pdf Graphic file (type pdf)
<use phenometrics-vignette-SI_files/phenometrics-vignette-SI_files/figure-latex/unnamed-chunk-25-2.pdf>
Package pdftex.def Info: phenometrics-vignette-SI_files/phenometrics-vignette-SI_files/figure-latex/unnamed-chunk-25-2.pdf  used on input line 1501.
(pdftex.def)             Requested size: 505.88875pt x 289.07928pt.
[47 <./phenometrics-vignette-SI_files/phenometrics-vignette-SI_files/figure-latex/unnamed-chunk-25-1.pdf>]
<phenometrics-vignette-SI_files/phenometrics-vignette-SI_files/figure-latex/unnamed-chunk-26-1.pdf, id=607, 505.89pt x 289.08pt>
File: phenometrics-vignette-SI_files/phenometrics-vignette-SI_files/figure-latex/unnamed-chunk-26-1.pdf Graphic file (type pdf)
<use phenometrics-vignette-SI_files/phenometrics-vignette-SI_files/figure-latex/unnamed-chunk-26-1.pdf>
Package pdftex.def Info: phenometrics-vignette-SI_files/phenometrics-vignette-SI_files/figure-latex/unnamed-chunk-26-1.pdf  used on input line 1528.
(pdftex.def)             Requested size: 505.88875pt x 289.07928pt.
[48 <./phenometrics-vignette-SI_files/phenometrics-vignette-SI_files/figure-latex/unnamed-chunk-25-2.pdf>]
<phenometrics-vignette-SI_files/phenometrics-vignette-SI_files/figure-latex/unnamed-chunk-26-2.pdf, id=618, 505.89pt x 289.08pt>
File: phenometrics-vignette-SI_files/phenometrics-vignette-SI_files/figure-latex/unnamed-chunk-26-2.pdf Graphic file (type pdf)
<use phenometrics-vignette-SI_files/phenometrics-vignette-SI_files/figure-latex/unnamed-chunk-26-2.pdf>
Package pdftex.def Info: phenometrics-vignette-SI_files/phenometrics-vignette-SI_files/figure-latex/unnamed-chunk-26-2.pdf  used on input line 1538.
(pdftex.def)             Requested size: 505.88875pt x 289.07928pt.
[49 <./phenometrics-vignette-SI_files/phenometrics-vignette-SI_files/figure-latex/unnamed-chunk-26-1.pdf> <./phenometrics-vignette-SI_files/phenometrics-vignette-SI_files/figure-latex/unnamed-chunk-26-2.pdf>]
<phenometrics-vignette-SI_files/phenometrics-vignette-SI_files/figure-latex/unnamed-chunk-26-3.pdf, id=634, 505.89pt x 289.08pt>
File: phenometrics-vignette-SI_files/phenometrics-vignette-SI_files/figure-latex/unnamed-chunk-26-3.pdf Graphic file (type pdf)
<use phenometrics-vignette-SI_files/phenometrics-vignette-SI_files/figure-latex/unnamed-chunk-26-3.pdf>
Package pdftex.def Info: phenometrics-vignette-SI_files/phenometrics-vignette-SI_files/figure-latex/unnamed-chunk-26-3.pdf  used on input line 1552.
(pdftex.def)             Requested size: 505.88875pt x 289.07928pt.
[50 <./phenometrics-vignette-SI_files/phenometrics-vignette-SI_files/figure-latex/unnamed-chunk-26-3.pdf>]
<phenometrics-vignette-SI_files/phenometrics-vignette-SI_files/figure-latex/unnamed-chunk-27-1.pdf, id=645, 505.89pt x 289.08pt>
File: phenometrics-vignette-SI_files/phenometrics-vignette-SI_files/figure-latex/unnamed-chunk-27-1.pdf Graphic file (type pdf)
<use phenometrics-vignette-SI_files/phenometrics-vignette-SI_files/figure-latex/unnamed-chunk-27-1.pdf>
Package pdftex.def Info: phenometrics-vignette-SI_files/phenometrics-vignette-SI_files/figure-latex/unnamed-chunk-27-1.pdf  used on input line 1612.
(pdftex.def)             Requested size: 505.88875pt x 289.07928pt.
[51 <./phenometrics-vignette-SI_files/phenometrics-vignette-SI_files/figure-latex/unnamed-chunk-27-1.pdf>]
<phenometrics-vignette-SI_files/phenometrics-vignette-SI_files/figure-latex/unnamed-chunk-28-1.pdf, id=656, 505.89pt x 289.08pt>
File: phenometrics-vignette-SI_files/phenometrics-vignette-SI_files/figure-latex/unnamed-chunk-28-1.pdf Graphic file (type pdf)
<use phenometrics-vignette-SI_files/phenometrics-vignette-SI_files/figure-latex/unnamed-chunk-28-1.pdf>
Package pdftex.def Info: phenometrics-vignette-SI_files/phenometrics-vignette-SI_files/figure-latex/unnamed-chunk-28-1.pdf  used on input line 1655.
(pdftex.def)             Requested size: 505.88875pt x 289.07928pt.
[52 <./phenometrics-vignette-SI_files/phenometrics-vignette-SI_files/figure-latex/unnamed-chunk-28-1.pdf>]
<phenometrics-vignette-SI_files/phenometrics-vignette-SI_files/figure-latex/unnamed-chunk-28-2.pdf, id=667, 505.89pt x 289.08pt>
File: phenometrics-vignette-SI_files/phenometrics-vignette-SI_files/figure-latex/unnamed-chunk-28-2.pdf Graphic file (type pdf)
<use phenometrics-vignette-SI_files/phenometrics-vignette-SI_files/figure-latex/unnamed-chunk-28-2.pdf>
Package pdftex.def Info: phenometrics-vignette-SI_files/phenometrics-vignette-SI_files/figure-latex/unnamed-chunk-28-2.pdf  used on input line 1665.
(pdftex.def)             Requested size: 505.88875pt x 289.07928pt.
<phenometrics-vignette-SI_files/phenometrics-vignette-SI_files/figure-latex/unnamed-chunk-28-3.pdf, id=668, 505.89pt x 289.08pt>
File: phenometrics-vignette-SI_files/phenometrics-vignette-SI_files/figure-latex/unnamed-chunk-28-3.pdf Graphic file (type pdf)
<use phenometrics-vignette-SI_files/phenometrics-vignette-SI_files/figure-latex/unnamed-chunk-28-3.pdf>
Package pdftex.def Info: phenometrics-vignette-SI_files/phenometrics-vignette-SI_files/figure-latex/unnamed-chunk-28-3.pdf  used on input line 1673.
(pdftex.def)             Requested size: 505.88875pt x 289.07928pt.
[53 <./phenometrics-vignette-SI_files/phenometrics-vignette-SI_files/figure-latex/unnamed-chunk-28-2.pdf> <./phenometrics-vignette-SI_files/phenometrics-vignette-SI_files/figure-latex/unnamed-chunk-28-3.pdf>]
<phenometrics-vignette-SI_files/phenometrics-vignette-SI_files/figure-latex/unnamed-chunk-28-4.pdf, id=683, 505.89pt x 289.08pt>
File: phenometrics-vignette-SI_files/phenometrics-vignette-SI_files/figure-latex/unnamed-chunk-28-4.pdf Graphic file (type pdf)
<use phenometrics-vignette-SI_files/phenometrics-vignette-SI_files/figure-latex/unnamed-chunk-28-4.pdf>
Package pdftex.def Info: phenometrics-vignette-SI_files/phenometrics-vignette-SI_files/figure-latex/unnamed-chunk-28-4.pdf  used on input line 1681.
(pdftex.def)             Requested size: 505.88875pt x 289.07928pt.
[54 <./phenometrics-vignette-SI_files/phenometrics-vignette-SI_files/figure-latex/unnamed-chunk-28-4.pdf>] (./phenometrics-vignette-SI.aux)
 ***********
LaTeX2e <2025-11-01>
L3 programming layer <2026-01-19>
 ***********
 ) 
Here is how much of TeX's memory you used:
 12610 strings out of 469515
 235883 string characters out of 5467662
 607547 words of memory out of 5000000
 40992 multiletter control sequences out of 15000+600000
 685911 words of font info for 88 fonts, out of 8000000 for 9000
 14 hyphenation exceptions out of 8191
 89i,7n,93p,621b,636s stack positions out of 10000i,1000n,20000p,200000b,200000s
<c:/Users/reids/AppData/Roaming/TinyTeX/texmf-dist/fonts/type1/public/lm/lmbx10.pfb><c:/Users/reids/AppData/Roaming/TinyTeX/texmf-dist/fonts/type1/public/lm/lmbx12.pfb><c:/Users/reids/AppData/Roaming/TinyTeX/texmf-dist/fonts/type1/public/lm/lmbx9.pfb><c:/Users/reids/AppData/Roaming/TinyTeX/texmf-dist/fonts/type1/public/lm/lmr10.pfb><c:/Users/reids/AppData/Roaming/TinyTeX/texmf-dist/fonts/type1/public/lm/lmr12.pfb><c:/Users/reids/AppData/Roaming/TinyTeX/texmf-dist/fonts/type1/public/lm/lmr17.pfb><c:/Users/reids/AppData/Roaming/TinyTeX/texmf-dist/fonts/type1/public/lm/lmr9.pfb><c:/Users/reids/AppData/Roaming/TinyTeX/texmf-dist/fonts/type1/public/lm/lmri10.pfb><c:/Users/reids/AppData/Roaming/TinyTeX/texmf-dist/fonts/type1/public/lm/lmtk10.pfb><c:/Users/reids/AppData/Roaming/TinyTeX/texmf-dist/fonts/type1/public/lm/lmtt10.pfb><c:/Users/reids/AppData/Roaming/TinyTeX/texmf-dist/fonts/type1/public/lm/lmtti10.pfb>
Output written on phenometrics-vignette-SI.pdf (54 pages, 1022725 bytes).
PDF statistics:
 786 PDF objects out of 1000 (max. 8388607)
 568 compressed objects within 6 object streams
 73 named destinations out of 1000 (max. 500000)
 369 words of extra memory for PDF output out of 10000 (max. 10000000)

